[D:/Cópia Sites 001/backblue.gif]
[D:/Cópia Sites 001/fade.gif]
[D:/Cópia Sites 001/index.html]
[D:/Cópia Sites 001/www.connectionfestival.com.br/images/CONNECTION_WHITE.png]
[D:/Cópia Sites 001/connect.facebook.net/en_US/fbevents.js]
[D:/Cópia Sites 001/seusite.com/images/ftcapa10.html]
[D:/Cópia Sites 001/www.connectionfestival.com.br/images/ftcapa10.jpg]
[D:/Cópia Sites 001/www.connectionfestival.com.br/images/WONDERLAND-WHITE.png]
[D:/Cópia Sites 001/www.connectionfestival.com.br/images/aniversario2.jpg]
[D:/Cópia Sites 001/www.connectionfestival.com.br/images/ftcapa50.jpg]
[D:/Cópia Sites 001/www.connectionfestival.com.br/images/mesascamarotes.jpg]
[D:/Cópia Sites 001/www.connectionfestival.com.br/images/ftcapa20.jpg]
[D:/Cópia Sites 001/www.connectionfestival.com.br/images/promoterm.jpg]
[D:/Cópia Sites 001/www.connectionfestival.com.br/images/galeraa.jpg]
[D:/Cópia Sites 001/www.connectionfestival.com.br/images/areadescanso.jpg]
[D:/Cópia Sites 001/www.connectionfestival.com.br/images/alimentacao.jpg]
[D:/Cópia Sites 001/www.connectionfestival.com.br/images/loja.jpg]
[D:/Cópia Sites 001/www.connectionfestival.com.br/js/core.min.js]
[D:/Cópia Sites 001/www.connectionfestival.com.br/js/script.js]
[D:/Cópia Sites 001/www.connectionfestival.com.br/index.html]
[D:/Cópia Sites 001/www.connectionfestival.com.br/fonts/fontawesome-webfont3295.woff2]
[D:/Cópia Sites 001/www.connectionfestival.com.br/fonts/materialdesignicons-webfont14e6.woff2]
[D:/Cópia Sites 001/www.connectionfestival.com.br/css/style.css]
[D:/Cópia Sites 001/connect.facebook.net/en_US/fbevents.js]
[D:/Cópia Sites 001/seusite.com/images/ftcapa10.html]
[D:/Cópia Sites 001/www.googletagmanager.com/gtm5445.html]
[D:/Cópia Sites 001/www.connectionfestival.com.br/fonts/glyphicons-halflings-regular.html]
[D:/Cópia Sites 001/www.connectionfestival.com.br/fonts/glyphicons-halflings-regulard41d.html]
[D:/Cópia Sites 001/www.connectionfestival.com.br/fonts/glyphicons-halflings-regular-2.html]
[D:/Cópia Sites 001/www.connectionfestival.com.br/fonts/glyphicons-halflings-regular-3.html]
[D:/Cópia Sites 001/www.connectionfestival.com.br/fonts/glyphicons-halflings-regular-4.html]
[D:/Cópia Sites 001/www.connectionfestival.com.br/fonts/glyphicons-halflings-regular-5.html]
[D:/Cópia Sites 001/www.connectionfestival.com.br/fonts/fontawesome-webfont3295.html]
[D:/Cópia Sites 001/www.connectionfestival.com.br/fonts/fontawesome-webfontd41d.html]
[D:/Cópia Sites 001/www.connectionfestival.com.br/fonts/fontawesome-webfont3295-2.html]
[D:/Cópia Sites 001/www.connectionfestival.com.br/fonts/fontawesome-webfont3295-3.html]
[D:/Cópia Sites 001/www.connectionfestival.com.br/fonts/fontawesome-webfont3295-4.html]
[D:/Cópia Sites 001/www.connectionfestival.com.br/fonts/Flaticon.html]
[D:/Cópia Sites 001/www.connectionfestival.com.br/fonts/Flaticond41d.html]
[D:/Cópia Sites 001/www.connectionfestival.com.br/fonts/Flaticon-2.html]
[D:/Cópia Sites 001/www.connectionfestival.com.br/fonts/Flaticon-3.html]
[D:/Cópia Sites 001/www.connectionfestival.com.br/fonts/Flaticon-4.html]
[D:/Cópia Sites 001/www.connectionfestival.com.br/css/Flaticon.html]
[D:/Cópia Sites 001/www.connectionfestival.com.br/fonts/materialdesignicons-webfont14e6.html]
[D:/Cópia Sites 001/www.connectionfestival.com.br/fonts/materialdesignicons-webfontd41d.html]
[D:/Cópia Sites 001/www.connectionfestival.com.br/fonts/materialdesignicons-webfont14e6-2.html]
[D:/Cópia Sites 001/www.connectionfestival.com.br/fonts/materialdesignicons-webfont14e6-3.html]
[D:/Cópia Sites 001/www.connectionfestival.com.br/fonts/materialdesignicons-webfont14e6-4.html]
[D:/Cópia Sites 001/www.connectionfestival.com.br/images/633328.html]
[D:/Cópia Sites 001/www.connectionfestival.com.br/images/preloader.html]
[D:/Cópia Sites 001/www.connectionfestival.com.br/images/photoswipe-controls.html]
[D:/Cópia Sites 001/www.connectionfestival.com.br/images/photoswipe-controls-2.html]
[D:/Cópia Sites 001/www.connectionfestival.com.br/images/preloader-2.html]
